Microchip MPLAB XC8 Compiler V2.40

Linker command line:

-W-3 \
  --edf=C:\Program Files\Microchip\xc8\v2.40\pic\dat\20220703182018_en.msgs \
  -cn -h+dist/default/production\GPIO_Driver.production.sym \
  --cmf=dist/default/production\GPIO_Driver.production.cmf -z -Q18F4620 \
  -oC:\Users\KAREEM~1\AppData\Local\Temp\xcAsagc.4 --defsym=__MPLAB_BUILD=1 \
  --fixupoverflow=error \
  -Mdist/default/production/GPIO_Driver.production.map \
  --md=C:\Users\KAREEM~1\AppData\Local\Temp\xcAsagc.dat -E1 \
  -ver=XC8 Compiler --acfsm=1493 -ACODE=00h-0FFFFh -ACONST=00h-0FFFFh \
  -ASMALLCONST=01000h-010FFhx240 -AMEDIUMCONST=01000h-0FFFFh \
  -ACOMRAM=01h-07Fh -AABS1=00h-0F7Fh -ABIGRAM=01h-0F7Fh \
  -ARAM=080h-0FFh,0100h-01FFhx14,0F00h-0F7Fh -ABANK0=080h-0FFh \
  -ABANK1=0100h-01FFh -ABANK2=0200h-02FFh -ABANK3=0300h-03FFh \
  -ABANK4=0400h-04FFh -ABANK5=0500h-05FFh -ABANK6=0600h-06FFh \
  -ABANK7=0700h-07FFh -ABANK8=0800h-08FFh -ABANK9=0900h-09FFh \
  -ABANK10=0A00h-0AFFh -ABANK11=0B00h-0BFFh -ABANK12=0C00h-0CFFh \
  -ABANK13=0D00h-0DFFh -ABANK14=0E00h-0EFFh -ABANK15=0F00h-0F7Fh \
  -ASFR=0F80h-0FFFh -ABIGSFR=0F80h-0FFFh -ACONFIG=0300000h-030000Dh \
  -AIDLOC=0200000h-0200007h -AEEDATA=0F00000h-0F003FFh -peeprom_data=EEDATA \
  -preset_vec=00h,intcode=08h,intcodelo,powerup,init -pramtop=01000h \
  -psmallconst=SMALLCONST -pmediumconst=MEDIUMCONST -pconst=CONST \
  -AFARRAM=00h-00h \
  -prdata=COMRAM,nvrram=COMRAM,nvbit=COMRAM,rbss=COMRAM,rbit=COMRAM \
  -pfarbss=FARRAM,fardata=FARRAM,nvFARRAM=FARRAM \
  -pintsave_regs=BIGRAM,bigbss=BIGRAM,bigdata=BIGRAM -pbss=RAM \
  -pidata=CODE,irdata=CODE,ibigdata=CODE,ifardata=CODE -prparam=COMRAM \
  C:\Users\KAREEM~1\AppData\Local\Temp\xcAsagc.o \
  dist/default/production\GPIO_Driver.production.o 

Object code version is 3.11

Machine type is 18F4620



                Name                               Link     Load   Length Selector   Space Scale
C:\Users\KAREEM~1\AppData\Local\Temp\xcAsagc.o
                idloc                            200000   200000        8        0       5
                config                           300000   300000        E        0       4
                init                                  E        E        4        4       0
                reset_vec                             0        0        4        0       0
dist/default/production\GPIO_Driver.production.o
                intcode                               8        8        6        4       0
                idloc                            200000   200000        8        0       5
                config                           300000   300000        E        0       4
                temp                                 6D       6D        1        1       1
                smallconst                         1000     1000       16      800       0
                text21                             1874     1874        4      BFA       0
                text20                             1870     1870        4      BFA       0
                text19                             186C     186C        4      BFA       0
                text18                             1868     1868        4      BFA       0
                text17                             1864     1864        4      BFA       0
                text16                             1860     1860        4      BFA       0
                text15                             185C     185C        4      BFA       0
                text14                             1858     1858        4      BFA       0
                text13                             1450     1450       B0      80B       0
                text12                             163C     163C       72      80B       0
                text11                             17F4     17F4       26      BFA       0
                text10                             1768     1768       36      80B       0
                intcode_body                       1016     1016      18E      80B       0
                text8                              11A4     11A4      162      80B       0
                text7                              1306     1306      14A      80B       0
                text6                              15A4     15A4       98      80B       0
                text5                              179E     179E       2C      80B       0
                text4                              16AE     16AE       46      80B       0
                text3                              16F4     16F4       3E      80B       0
                text2                              181A     181A       24      BFA       0
                text1                              1500     1500       A4      80B       0
                text0                              183E     183E       1A      BFA       0
                cstackCOMRAM                         4D       4D       20        1       1
                dataCOMRAM                            1        1       29        1       1
                bssCOMRAM                            2A       2A       23        1       1
                cinit                              1732     1732       36      80B       0
                idataCOMRAM                        17CA     17CA       29      80B       0

TOTAL           Name                               Link     Load   Length     Space
        CLASS   CODE           
                intcode                               8        8        6         0
                init                                  E        E        4         0
                reset_vec                             0        0        4         0
                text21                             1874     1874        4         0
                text20                             1870     1870        4         0
                text19                             186C     186C        4         0
                text18                             1868     1868        4         0
                text17                             1864     1864        4         0
                text16                             1860     1860        4         0
                text15                             185C     185C        4         0
                text14                             1858     1858        4         0
                text13                             1450     1450       B0         0
                text12                             163C     163C       72         0
                text11                             17F4     17F4       26         0
                text10                             1768     1768       36         0
                intcode_body                       1016     1016      18E         0
                text8                              11A4     11A4      162         0
                text7                              1306     1306      14A         0
                text6                              15A4     15A4       98         0
                text5                              179E     179E       2C         0
                text4                              16AE     16AE       46         0
                text3                              16F4     16F4       3E         0
                text2                              181A     181A       24         0
                text1                              1500     1500       A4         0
                text0                              183E     183E       1A         0
                cinit                              1732     1732       36         0
                idataCOMRAM                        17CA     17CA       29         0

        CLASS   CONST          

        CLASS   SMALLCONST     
                smallconst                         1000     1000       16         0

        CLASS   MEDIUMCONST    

        CLASS   COMRAM         
                temp                                 6D       6D        1         1
                cstackCOMRAM                         4D       4D       20         1
                dataCOMRAM                            1        1       29         1
                bssCOMRAM                            2A       2A       23         1

        CLASS   ABS1           

        CLASS   BIGRAM         

        CLASS   RAM            

        CLASS   BANK0          

        CLASS   BANK1          

        CLASS   BANK2          

        CLASS   BANK3          

        CLASS   BANK4          

        CLASS   BANK5          

        CLASS   BANK6          

        CLASS   BANK7          

        CLASS   BANK8          

        CLASS   BANK9          

        CLASS   BANK10         

        CLASS   BANK11         

        CLASS   BANK12         

        CLASS   BANK13         

        CLASS   BANK14         

        CLASS   BANK15         

        CLASS   SFR            

        CLASS   BIGSFR         

        CLASS   CONFIG         
                config                           300000   300000        E         4

        CLASS   IDLOC          
                idloc                            200000   200000        8         5

        CLASS   EEDATA         

        CLASS   FARRAM         

        CLASS   HEAP           

        CLASS   STACK          



SEGMENTS        Name                           Load    Length   Top    Selector   Space  Class

                reset_vec                      000000  000004  000004         0       0  CODE    
                dataCOMRAM                     000001  00006D  00006E         1       1  COMRAM  
                intcode                        000008  00000A  000012         4       0  CODE    
                smallconst                     001000  000016  001016       800       0  SMALLCON
                intcode_body                   001016  0007DD  0017F3       80B       0  CODE    
                text11                         0017F4  000084  001878       BFA       0  CODE    


UNUSED ADDRESS RANGES

        Name                Unused          Largest block    Delta
        BANK0            000080-0000FF               80
        BANK1            000100-0001FF              100
        BANK10           000A00-000AFF              100
        BANK11           000B00-000BFF              100
        BANK12           000C00-000CFF              100
        BANK13           000D00-000DFF              100
        BANK14           000E00-000EFF              100
        BANK15           000F00-000F7F               80
        BANK2            000200-0002FF              100
        BANK3            000300-0003FF              100
        BANK4            000400-0004FF              100
        BANK5            000500-0005FF              100
        BANK6            000600-0006FF              100
        BANK7            000700-0007FF              100
        BANK8            000800-0008FF              100
        BANK9            000900-0009FF              100
        BIGRAM           00006E-000F7F              F12
        BIGSFR           000F80-000FFF               80
        CODE             000004-000007                4
                         000012-000FFF              FEE
                         0017F3-0017F3                1
                         001878-00FFFF             E788
        COMRAM           00006E-00007F               12
        CONST            000004-000007                4
                         000012-000FFF              FEE
                         0017F3-0017F3                1
                         001878-00FFFF             E788
        EEDATA           F00000-F003FF              400
        MEDIUMCONST      0017F3-0017F3                1
                         001878-00FFFF             E788
        RAM              000080-000F7F              100
        SFR              000F80-000FFF               80
        SMALLCONST       0017F3-0017F3                1
                         001878-00FFFF              100

                                  Symbol Table

Dc_motor_initialize@F3042             bssCOMRAM    00004C
Dc_motor_initialize@F3044             bssCOMRAM    00004B
Dc_motor_stop@F3065                   bssCOMRAM    000046
Dc_motor_stop@F3067                   bssCOMRAM    000045
Dc_motor_turn_left@F3051              bssCOMRAM    00004A
Dc_motor_turn_left@F3053              bssCOMRAM    000049
Dc_motor_turn_right@F3058             bssCOMRAM    000048
Dc_motor_turn_right@F3060             bssCOMRAM    000047
Timer0_mode_select@_timer             cstackCOMRAM 00005E
Timer0_prescaler_config@_timer        cstackCOMRAM 00005E
Timer0_register_size@_timer           cstackCOMRAM 00005E
_ADCON0bits                           (abs)        000FC2
_ADCON1bits                           (abs)        000FC1
_ADCON2bits                           (abs)        000FC0
_ADC_ISR                              text21       001874
_ADC_InterruptHandler                 bssCOMRAM    00003C
_ADRESH                               (abs)        000FC4
_ADRESL                               (abs)        000FC3
_Application_initialize               text5        00179E
_EEADR                                (abs)        000FA9
_EEADRH                               (abs)        000FAA
_EECON1bits                           (abs)        000FA6
_EECON2                               (abs)        000FA7
_EEDATA                               (abs)        000FA8
_INT0_ISR                             text20       001870
_INT0_InterruptHandler                bssCOMRAM    00003A
_INT1_ISR                             text19       00186C
_INT1_InterruptHandler                bssCOMRAM    000038
_INT2_ISR                             text18       001868
_INT2_InterruptHandler                bssCOMRAM    000036
_INTCON2bits                          (abs)        000FF1
_INTCON3bits                          (abs)        000FF0
_INTCONbits                           (abs)        000FF2
_InterruptManager                     intcode      000008
_LATA                                 (abs)        000F89
_LATB                                 (abs)        000F8A
_LATC                                 (abs)        000F8B
_LATD                                 (abs)        000F8C
_LATE                                 (abs)        000F8D
_PIE1bits                             (abs)        000F9D
_PIR1bits                             (abs)        000F9E
_PORTA                                (abs)        000F80
_PORTB                                (abs)        000F81
_PORTBbits                            (abs)        000F81
_PORTC                                (abs)        000F82
_PORTD                                (abs)        000F83
_PORTE                                (abs)        000F84
_RB4_ISR                              text17       001864
_RB4_InterruptHandler                 bssCOMRAM    000034
_RB5_ISR                              text16       001860
_RB5_InterruptHandler                 bssCOMRAM    000032
_RB6_ISR                              text15       00185C
_RB6_InterruptHandler                 bssCOMRAM    000030
_RB7_ISR                              text14       001858
_RB7_InterruptHandler                 bssCOMRAM    00002E
_T0CONbits                            (abs)        000FD5
_TIMER0_ISR                           text10       001768
_TIMER0_InterruptHandler              bssCOMRAM    00002A
_TMR0H                                (abs)        000FD7
_TMR0L                                (abs)        000FD6
_TRISA                                (abs)        000F92
_TRISB                                (abs)        000F93
_TRISC                                (abs)        000F94
_TRISD                                (abs)        000F95
_TRISE                                (abs)        000F96
_Timer0_mode_select                   text4        0016AE
_Timer0_prescaler_config              text3        0016F4
_Timer0_register_size                 text2        00181A
__HRAM                                (abs)        000000
__Habs1                               abs1         000000
__Hbank0                              bank0        000000
__Hbank1                              bank1        000000
__Hbank10                             bank10       000000
__Hbank11                             bank11       000000
__Hbank12                             bank12       000000
__Hbank13                             bank13       000000
__Hbank14                             bank14       000000
__Hbank15                             bank15       000000
__Hbank2                              bank2        000000
__Hbank3                              bank3        000000
__Hbank4                              bank4        000000
__Hbank5                              bank5        000000
__Hbank6                              bank6        000000
__Hbank7                              bank7        000000
__Hbank8                              bank8        000000
__Hbank9                              bank9        000000
__Hbigbss                             bigbss       000000
__Hbigdata                            bigdata      000000
__Hbigram                             bigram       000000
__Hbigsfr                             bigsfr       000000
__Hbss                                bss          000000
__HbssCOMRAM                          bssCOMRAM    000000
__Hcinit                              cinit        000000
__Hclrtext                            clrtext      000000
__Hcomram                             comram       000000
__Hconfig                             config       30000E
__Hconst                              const        000000
__HcstackCOMRAM                       cstackCOMRAM 000000
__Hdata                               data         000000
__HdataCOMRAM                         dataCOMRAM   000000
__Heeprom_data                        eeprom_data  000000
__Hfarbss                             farbss       000000
__Hfardata                            fardata      000000
__Hheap                               heap         000000
__Hibigdata                           ibigdata     000000
__Hidata                              idata        000000
__HidataCOMRAM                        idataCOMRAM  000000
__Hidloc                              idloc        200008
__Hifardata                           ifardata     000000
__Hinit                               init         000012
__Hintcode                            intcode      00000E
__Hintcode_body                       intcode_body 000000
__Hintcodelo                          intcodelo    00000E
__Hintentry                           intentry     000000
__Hintret                             intret       000000
__Hintsave_regs                       intsave_regs 000000
__Hirdata                             irdata       000000
__Hmediumconst                        mediumconst  000000
__HnvFARRAM                           nvFARRAM     000000
__Hnvbit                              nvbit        000000
__Hnvrram                             nvrram       000000
__Hparam                              rparam       000000
__Hpowerup                            powerup      00000E
__Hram                                ram          000000
__Hramtop                             ramtop       001000
__Hrbit                               rbit         000000
__Hrbss                               rbss         000000
__Hrdata                              rdata        000000
__Hreset_vec                          reset_vec    000004
__Hrparam                             rparam       000000
__Hsfr                                sfr          000000
__Hsmallconst                         smallconst   001016
__Hspace_0                            (abs)        001878
__Hspace_1                            (abs)        00006E
__Hspace_2                            (abs)        000000
__Hspace_4                            (abs)        60000E
__Hstack                              stack        000000
__Hstruct                             struct       000000
__Htemp                               temp         00006E
__Htext                               text         000000
__Htext0                              text0        000000
__Htext1                              text1        000000
__Htext10                             text10       000000
__Htext11                             text11       000000
__Htext12                             text12       000000
__Htext13                             text13       000000
__Htext14                             text14       000000
__Htext15                             text15       000000
__Htext16                             text16       000000
__Htext17                             text17       000000
__Htext18                             text18       000000
__Htext19                             text19       000000
__Htext2                              text2        000000
__Htext20                             text20       000000
__Htext21                             text21       000000
__Htext22                             text22       000000
__Htext3                              text3        000000
__Htext4                              text4        000000
__Htext5                              text5        000000
__Htext6                              text6        000000
__Htext7                              text7        000000
__Htext8                              text8        000000
__LRAM                                (abs)        000001
__Labs1                               abs1         000000
__Lbank0                              bank0        000000
__Lbank1                              bank1        000000
__Lbank10                             bank10       000000
__Lbank11                             bank11       000000
__Lbank12                             bank12       000000
__Lbank13                             bank13       000000
__Lbank14                             bank14       000000
__Lbank15                             bank15       000000
__Lbank2                              bank2        000000
__Lbank3                              bank3        000000
__Lbank4                              bank4        000000
__Lbank5                              bank5        000000
__Lbank6                              bank6        000000
__Lbank7                              bank7        000000
__Lbank8                              bank8        000000
__Lbank9                              bank9        000000
__Lbigbss                             bigbss       000000
__Lbigdata                            bigdata      000000
__Lbigram                             bigram       000000
__Lbigsfr                             bigsfr       000000
__Lbss                                bss          000000
__LbssCOMRAM                          bssCOMRAM    000000
__Lcinit                              cinit        000000
__Lclrtext                            clrtext      000000
__Lcomram                             comram       000000
__Lconfig                             config       000000
__Lconst                              const        000000
__LcstackCOMRAM                       cstackCOMRAM 000000
__Ldata                               data         000000
__LdataCOMRAM                         dataCOMRAM   000000
__Leeprom_data                        eeprom_data  000000
__Lfarbss                             farbss       000000
__Lfardata                            fardata      000000
__Lheap                               heap         000000
__Libigdata                           ibigdata     000000
__Lidata                              idata        000000
__LidataCOMRAM                        idataCOMRAM  000000
__Lidloc                              idloc        000000
__Lifardata                           ifardata     000000
__Linit                               init         00000E
__Lintcode                            intcode      000008
__Lintcode_body                       intcode_body 000000
__Lintcodelo                          intcodelo    00000E
__Lintentry                           intentry     000000
__Lintret                             intret       000000
__Lintsave_regs                       intsave_regs 000000
__Lirdata                             irdata       000000
__Lmediumconst                        mediumconst  000000
__LnvFARRAM                           nvFARRAM     000000
__Lnvbit                              nvbit        000000
__Lnvrram                             nvrram       000000
__Lparam                              rparam       000000
__Lpowerup                            powerup      00000E
__Lram                                ram          000000
__Lramtop                             ramtop       001000
__Lrbit                               rbit         000000
__Lrbss                               rbss         000000
__Lrdata                              rdata        000000
__Lreset_vec                          reset_vec    000000
__Lrparam                             rparam       000000
__Lsfr                                sfr          000000
__Lsmallconst                         smallconst   001000
__Lspace_0                            (abs)        000000
__Lspace_1                            (abs)        000000
__Lspace_2                            (abs)        000000
__Lspace_4                            (abs)        000000
__Lstack                              stack        000000
__Lstruct                             struct       000000
__Ltemp                               temp         00006D
__Ltext                               text         000000
__Ltext0                              text0        000000
__Ltext1                              text1        000000
__Ltext10                             text10       000000
__Ltext11                             text11       000000
__Ltext12                             text12       000000
__Ltext13                             text13       000000
__Ltext14                             text14       000000
__Ltext15                             text15       000000
__Ltext16                             text16       000000
__Ltext17                             text17       000000
__Ltext18                             text18       000000
__Ltext19                             text19       000000
__Ltext2                              text2        000000
__Ltext20                             text20       000000
__Ltext21                             text21       000000
__Ltext22                             text22       000000
__Ltext3                              text3        000000
__Ltext4                              text4        000000
__Ltext5                              text5        000000
__Ltext6                              text6        000000
__Ltext7                              text7        000000
__Ltext8                              text8        000000
__S0                                  (abs)        001878
__S1                                  (abs)        00006E
__S4                                  (abs)        000000
__S5                                  (abs)        000000
___heap_hi                            (abs)        000000
___heap_lo                            (abs)        000000
___inthi_sp                           stack        000000
___intlo_sp                           stack        000000
___param_bank                         (abs)        000000
___rparam_used                        (abs)        000001
___sp                                 stack        000000
__accesstop                           (abs)        000080
__activetblptr                        (abs)        000003
__end_of_ADC_ISR                      text21       001878
__end_of_Application_initialize       text5        0017CA
__end_of_INT0_ISR                     text20       001874
__end_of_INT1_ISR                     text19       001870
__end_of_INT2_ISR                     text18       00186C
__end_of_InterruptManager             intcode_body 0011A4
__end_of_RB4_ISR                      text17       001868
__end_of_RB5_ISR                      text16       001864
__end_of_RB6_ISR                      text15       001860
__end_of_RB7_ISR                      text14       00185C
__end_of_TIMER0_ISR                   text10       00179E
__end_of_Timer0_mode_select           text4        0016F4
__end_of_Timer0_prescaler_config      text3        001732
__end_of_Timer0_register_size         text2        00183E
__end_of__initialization              cinit        00175E
__end_of_btn_values                   smallconst   001011
__end_of_gpio_pin_direction_init      text8        001306
__end_of_gpio_pin_toggle_logic        text13       001500
__end_of_gpio_pin_write_logic         text7        001450
__end_of_led_initialize               text6        00163C
__end_of_led_toggle_logic             text12       0016AE
__end_of_main                         text0        001858
__end_of_timer0_defaultHandler        text11       00181A
__end_of_timer0_init                  text1        0015A4
__initialization                      cinit        001732
__mediumconst                         mediumconst  000000
__pbssCOMRAM                          bssCOMRAM    00002A
__pcinit                              cinit        001732
__pcstackCOMRAM                       cstackCOMRAM 00004D
__pdataCOMRAM                         dataCOMRAM   000001
__pidataCOMRAM                        idataCOMRAM  0017CA
__pintcode                            intcode      000008
__pintcode_body                       intcode_body 001016
__psmallconst                         smallconst   001000
__ptext0                              text0        00183E
__ptext1                              text1        001500
__ptext10                             text10       001768
__ptext11                             text11       0017F4
__ptext12                             text12       00163C
__ptext13                             text13       001450
__ptext14                             text14       001858
__ptext15                             text15       00185C
__ptext16                             text16       001860
__ptext17                             text17       001864
__ptext18                             text18       001868
__ptext19                             text19       00186C
__ptext2                              text2        00181A
__ptext20                             text20       001870
__ptext21                             text21       001874
__ptext22                             text22       000000
__ptext3                              text3        0016F4
__ptext4                              text4        0016AE
__ptext5                              text5        00179E
__ptext6                              text6        0015A4
__ptext7                              text7        001306
__ptext8                              text8        0011A4
__ramtop                              ramtop       001000
__smallconst                          smallconst   001000
_gpio_pin_direction_init              text8        0011A4
_gpio_pin_toggle_logic                text13       001450
_gpio_pin_write_logic                 text7        001306
_lat_register                         dataCOMRAM   00000B
_led1                                 dataCOMRAM   000029
_led2                                 dataCOMRAM   000028
_led3                                 dataCOMRAM   000027
_led_initialize                       text6        0015A4
_led_toggle_logic                     text12       00163C
_main                                 text0        00183E
_port_register                        dataCOMRAM   000001
_ret                                  dataCOMRAM   00001F
_timer0_defaultHandler                text11       0017F4
_timer0_init                          text1        001500
_timer0_obj                           dataCOMRAM   000020
_timer0_preload                       bssCOMRAM    00002C
_tris_register                        dataCOMRAM   000015
btemp                                 temp         00006D
end_of_initialization                 cinit        00175E
gpio_pin_direction_init@_pin_config_t cstackCOMRAM 00005E
gpio_pin_direction_init@ret           cstackCOMRAM 000066
gpio_pin_toggle_logic@_pin_config_t   cstackCOMRAM 00004D
gpio_pin_write_logic@_pin_config_t    cstackCOMRAM 00005E
gpio_pin_write_logic@logic            cstackCOMRAM 000060
gpio_pin_write_logic@ret              cstackCOMRAM 000067
int$flags                             temp         00006D
int_func                              intcode_body 001016
intlevel0                             text         000000
intlevel1                             text         000000
intlevel2                             text         000000
intlevel3                             text         000000
isa$std                               (abs)        000001
isa$xinst                             (abs)        000000
led_initialize@F3043                  bssCOMRAM    000044
led_initialize@led                    cstackCOMRAM 000068
led_initialize@pin_obj                cstackCOMRAM 00006C
led_initialize@ret                    cstackCOMRAM 00006B
led_toggle_logic@F3058                bssCOMRAM    000041
led_toggle_logic@led                  cstackCOMRAM 000054
led_toggle_logic@pin_obj              cstackCOMRAM 000057
led_turn_off@F3053                    bssCOMRAM    000042
led_turn_on@F3048                     bssCOMRAM    000043
relay_initialize@F3037                bssCOMRAM    000040
relay_turn_off@F3047                  bssCOMRAM    00003E
relay_turn_on@F3042                   bssCOMRAM    00003F
stackhi                               (abs)        000000
stacklo                               (abs)        000000
start                                 init         00000E
start_initialization                  cinit        001732
timer0_init@_timer                    cstackCOMRAM 000061
timer0_init@ret                       cstackCOMRAM 000065
ttemp5                                temp         00006E
ttemp6                                temp         000071
ttemp7                                temp         000075
wtemp8                                temp         00006E


MODULE INFORMATION

Module		Function		Class		Link	Load	Size
MCAL_Layer/TIMER0/TIMER0.c
		_Timer0_prescaler_config		CODE           	16F4	0000	62
		_timer0_init   		CODE           	1500	0000	164
		_Timer0_register_size		CODE           	181A	0000	36
		_Timer0_mode_select		CODE           	16AE	0000	70
		_TIMER0_ISR    		CODE           	1768	0000	54

MCAL_Layer/TIMER0/TIMER0.c estimated size: 386

Application.c
		_main          		CODE           	183E	0000	26
		_timer0_defaultHandler		CODE           	17F4	0000	38
		_Application_initialize		CODE           	179E	0000	44

Application.c estimated size: 108

MCAL_Layer/Interrupt/hal_extrenal_interrupt.c
		_RB4_ISR       		CODE           	1864	0000	4
		_RB5_ISR       		CODE           	1860	0000	4
		_RB6_ISR       		CODE           	185C	0000	4
		_RB7_ISR       		CODE           	1858	0000	4
		_INT0_ISR      		CODE           	1870	0000	4
		_INT1_ISR      		CODE           	186C	0000	4
		_INT2_ISR      		CODE           	1868	0000	4

MCAL_Layer/Interrupt/hal_extrenal_interrupt.c estimated size: 28

MCAL_Layer/Interrupt/hal_manager_interrupt.c
		_InterruptManager		CODE           	0008	0000	404

MCAL_Layer/Interrupt/hal_manager_interrupt.c estimated size: 404

shared
		_btn_values    		SMALLCONST     	0000	0000	0
		__initialization		CODE           	1732	0000	44

shared estimated size: 44

MCAL_Layer/ADC/hal_adc.c
		_ADC_ISR       		CODE           	1874	0000	4

MCAL_Layer/ADC/hal_adc.c estimated size: 4

MCAL_Layer/hal_gpio.c
		_gpio_pin_write_logic		CODE           	1306	0000	330
		_gpio_pin_direction_init		CODE           	11A4	0000	354
		_gpio_pin_toggle_logic		CODE           	1450	0000	176

MCAL_Layer/hal_gpio.c estimated size: 860

ECU_Layer/Ecu_led.c
		_led_initialize		CODE           	15A4	0000	152
		_led_toggle_logic		CODE           	163C	0000	114

ECU_Layer/Ecu_led.c estimated size: 266

